// Jest Snapshot v1, https://goo.gl/fbAQLP

exports[`should render LoginPage correctly 1`] = `
<div>
  This is Login Page
  <button
    onClick={[MockFunction]}
  >
    Login!!
  </button>
</div>
`;
